help.are
mobprog.prg
romhelp.are
group.are
olc.hlp
imms.are
clanhelp.are
spells.are
lioncast.are
darkcast.are
warkeep.are
antharia.are
mausoleum.are
emerald.are
titan.are
gstrong.are
gtown.are
faeriering.are
zoo3.are
lich.are
divsoul.are
drakyri.are
immort.are
ofcol2.are
shire.are
midgaard.are
plains.are
haon.are
air.are
arachnos.are
astral.are
canyon.are
catacomb.are
chapel.are
daycare.are
draconia.are
dream.are
drow.are
thalos.are
dwarven.are
dylan.are
eastern.are
galaxy.are
gnome.are
grave.are
grove.are
hitower.are
hood.are
limbo.are
mahntor.are
marsh.are
mega1.are
midennir.are
mirror.are
mobfact.are
moria.are
newthalos.are
nirvana.are
ofcol.are
olympus.are
pyramid.are
sewer.are
redferne.are
school.are
smurf.are
tohell.are
trollden.are
valley.are
wyvern.are
centaur.are
godcastl.are
arena.are
under2.are
forgot.are
dragon2.are
mirror2.are
armagddn.are
arcadia.are
westland.are
ulej.are
army.are
rockmus.are
antzoo.are
delta.are
doomstar.are
tolkien.are
kpi.are
amber.are
angel.are
bonebreakers.are
rom.are
grey.are
milltooth.are
chaos.are
darkness.are
ppalace.are
firetop.are
cloudy.are
orden.are
ci4.are
lostcity.are
shadows.are
marry.are
imperror.are
ink.are
chess.are
gladi.are
sforest.are
geometry.are
bonus.are
judges.are
keepers.are
guards.are
silencer.are
apc.are
mages.are
ghostcave.are
resident.are
museus.are
super.are
cossacks.are
yakudza.are
$
